nohup: ignoring input
[dotenv@17.3.1] injecting env (2) from .env -- tip: ⚙️  suppress all logs with { quiet: true }
BullMQ Anti-Ban Worker initialized for whatsapp-outbound queue.
WhatsApp Worker Service is securely bound and running on port 4000

📱 SCAN THIS QR CODE WITH YOUR WHATSAPP APP:
▄▄▄▄▄▄▄▄▄▄▄▄▄▄▄▄▄▄▄▄▄▄▄▄▄▄▄▄▄▄▄▄▄▄▄▄▄▄▄▄▄▄▄▄▄▄▄▄▄▄▄▄▄▄▄▄▄▄▄
█ ▄▄▄▄▄ █▄▄ ▀██▀▀█ ▀█▀█▀  ▄█▄▄█   ██  ▄▀█▄   ▄ ▄ ██ ▄▄▄▄▄ █
█ █   █ █ ▀███ ██▄ ▀▄█▀█ ▀ █▄▄▀▄▀█▀█  ▀█▄█▀  ▄▀▄ ██ █   █ █
█ █▄▄▄█ █▄ █  ▀ ▀▀ █ ▀▄  █▀ ▄▄▄ ▀▀▄▀ █▄ ▄▄██ ▄▄▀▄██ █▄▄▄█ █
█▄▄▄▄▄▄▄█▄█ ▀▄▀ █▄█ ▀▄▀ ▀▄█ █▄█ ▀ ▀ █ █ ▀ ▀▄▀ ▀▄█ █▄▄▄▄▄▄▄█
█▄ ▄▄▀█▄▀▄▄ ▀█▀█▄▄ ▀ ▄█ ▀ █▄     █ ▄▀█▀█▄▄▀▀▀▀█▄▀  █▀▄▄ ▀▄█
██▄▀▄█ ▄█▀ ▄ █ ▀ ▀ ██ ▄▄█▀██   ▀▀▄█▀  ▀█ █▄▄██ ▀██ █   ▄▄ █
█▄▄██ █▄█  █▀ ▄ █▄█▄▀▀█▄▄▄  ▀▀█▀▄▀ ▄█   ▄█▄▄▄▀ ▄▄██▀█▀█▄▄▄█
█▀█▄ ▄▄▄▄▄▀▀  ▀▀█▀███▄▀▄▄█▀▄ ▄▀▀█ ▀▀▄▄▄█ ██▄█ ▀▀  █ ██▄▀▀██
██▄█▄▄ ▄  ▄ ▀█ ▄▀ ▀▀▄█▀█ ▄▄▀▄▄ █▄▄▄▀▀▀▄▄▄▀███▄▀ █▄█▄▄█▀▄ ▄█
█▀▄ █▄▄▄▀▀▀▀▀ ▀▀▄▄▀▀█▀▄█▄█▀▀▀▄▀▀█▀▀▄▄   ▄▄▄▀▀▄  ▀▀ ▀▀▄▀▄ ▀█
█▄ ▀▀ ▄▄█▄█▀ ▄ ██ ▄███▄ ▀█▀ ▄ ▀▀███▄█▀ ▄▄ ▀ ▄██▄▄  █▄ ▄ ▀▀█
█ ▄███ ▄▄▀ ▀▄▄▄▄▀▄▄▀ ▄▀   █▀▄▄ ▀ █▀█▄  ▄▀▄▄▄▀▀██▀█ ██▄ ██▄█
█ ▄▀▄ █▄ ▀▀▀█▄█▀▀█▄▄█  ▀ ██▀▀▀█▄▄▄   ▄  ▄▀▄▄▀▀ █▄▄▀ ██ ▄▄▄█
█▀█▀  ▄▄▄ ▄█ ▀█▄ █▄▄▀▀█▄█▄  ▄▄▄ █▄▀ █▀ ▀▀ █▀▄▄▀▄  ▄▄▄ ▀▀▀██
█▀█▀▀ █▄█ ▀▀▀▀ ▀▀ █▄ █▀▀ ▄█ █▄█  ▄  █▀██ █▀▄▄ ▀ █ █▄█ ███▄█
█▀█▀   ▄  █▀▄▄▀▀▀▄█▄   ▄▄ ▄   ▄▄▀ ▀ ▄ █▀   █▀█▄▄█ ▄▄▄ ▄▄▄██
█▄█▀█ █▄▄▀ █ ▄▀▀█▄▄█▀▄█  ▀█▀ █▀▀█▀ ▄▀▀▀█▀▄ ▀▄█▄█▀▄█▀▄▄▀▀ ▀█
██   ▄▀▄ ▄██▄█▀█▀ █ ▄▄▀▀██▀█▀  █▀ █▄▀▀▀▄█▄▄▄▄▄  ▄▀▄▄▀▀▀▄▄▄█
█▄█▀▄▀▀▄▀  █ ▄▄ ██▄▄▀██▀ ▄▄▀██▄▄▄█ ▄▄ ▄▀▄▀▄▄▄▀ █▀ ▄█ ▄ ▀▄██
█▄ █▀█▄▄ ▄▄▄▄▄█▀ ▄▀   ▄▄▄▀▄▄ ▄▀█ █ ▄ ██ ▀▄█  █ ▄██ ▀▄▀▀▀█▄█
█▀ █▄ ▀▄▄ ▄▄▄▄▄▀▀ █▀ █▄▀▀▄▀ █ ▀▄█▄▄▀▀▀▀▄▄▀▀█  ▀     ▀ █ ▀ █
█▀▄ ▀▀█▄▀ █ ▄▀▄█▄██▄ ██ ▄█▀███  ▀███▄   ██  ▀█ ▄██▄▀▄ ▄▄▄▀█
██ ▄  █▄▀▀▄▄▀▄ ▄█▄▀▀ █ █▀ █▄▀██ ▀▀██▀▀ ▄ ▄ ▀▀█ █▀▄▄▀▄▄ █▀▀█
█ ▀ ▀▀▄▄▀▀ ▀▄▄▄█▄ ▄▄█▄██▄   █ ▀█ ▀▀▄█ ▄  █  ▀▀▄   ▄  █▀▄▄▄█
███████▄█  ▄▄█▀█ ▄▄ ▄ █▀▄▄█ ▄▄▄ ▄▀ █▄ █  █▄█ ▀▀▄█ ▄▄▄ ▀▄ ▀█
█ ▄▄▄▄▄ ████▄█▄▀  ▄▀█▄▄█▀ █ █▄█   ▄█▀▄ ▄▄▀▀ ▀▀  ▀ █▄█ ▀▀▀██
█ █   █ █▀▀▀█▀█▀▀███ ▄ █ ▀  ▄   █ ▀▀▀▀▄▄▄█▄█▀▄█ ▄  ▄▄▄ █ ▄█
█ █▄▄▄█ █  ▀▀ ▀█  ▀ ▄▀ ▀█▀▀ ▀██▀▄▀ ▀▀▄▀ ██ ▀██▀▄▄▄▀▀▀▀▀▄█▀█
█▄▄▄▄▄▄▄█▄███▄▄█▄███▄█▄▄▄▄███████▄██▄██▄▄▄▄███▄███▄▄█▄█▄███


📱 SCAN THIS QR CODE WITH YOUR WHATSAPP APP:
▄▄▄▄▄▄▄▄▄▄▄▄▄▄▄▄▄▄▄▄▄▄▄▄▄▄▄▄▄▄▄▄▄▄▄▄▄▄▄▄▄▄▄▄▄▄▄▄▄▄▄▄▄▄▄▄▄▄▄
█ ▄▄▄▄▄ █▄▄ ▀██ █▀ ▀▀█▄▀ ▄▄█▄▄█   ▀█▀ ▄▀ ▄▄▄   ▄ ██ ▄▄▄▄▄ █
█ █   █ █ ▀█▀█ ██▄ ▀██▀█ ▀ █▄▄▀▄ ▄▀█▀ ▀█▄▄▀  ▄▀▄ ██ █   █ █
█ █▄▄▄█ █▄▄▀ ▄▀ ▀▀ █ ▀▄  █▀ ▄▄▄ ▄▀▄▀▄▄▄   ██▄▀▄▀▄██ █▄▄▄█ █
█▄▄▄▄▄▄▄█▄█ █▄▀ █▄█ ▀▄▀ ▀▄█ █▄█ ▀ ▀ █ █ ▀ ▀▄▀ ▀▄█ █▄▄▄▄▄▄▄█
█▄ ▄▄▀▀▄█ █▄▄▀▀█▄▄ ▀ ▄█ ▀ █      █ ▄▀█▀█▄▄▀▀▀▀█▄▀  ██ ▄ ▀▄█
██▄▀▄▄ ▄▄▀█▄▄█ ▀ ▀ ██ ▄▄█▀ █▄  ▀▀▄██  ▀▀ █▄▄██▄▀▄▄ █▄▀ ▄▄ █
█▄▄ ▀ █▄ ▀▄ ▀ ▄ █▄█▄▀▀█▄▄▄  ▀▀█▀▄▀ ▄█  ▀▄███▄▀ ▄███▀██▀ ▄▄█
█▀█▄█▄▄▄▄▄▀▀  ▀▀█▀▀▀█▄▀█▄█▀▄▀▄▀██  ▄▄ ▄▄ ██▄█▄█▄  █ ▄█ ▀▀██
█▄███▄ ▄  ▄ ▀█ ▄▀ ██▄█▄▀ █▄▀▄▄▄▄▄▄▄▀█▀▄▄ ▀ ▄▄   █▄█▄▄█ ▄ ▄█
█▄ ▀▄▄ ▄▀▀▀▀▀ ▀▀▄▄▀▀██▄█  ▀▀▀▄ ▀██▀▄ ▀▀▀▄▄█▀▄█▀▀▀▀▄▀▀▄▀▄ ██
█▄▄▀▀▄ ▄█▄█▀██ ██ ▄███▄ ▀█▀ ▄ ▀▀▄██▄ ▀ ▄▄▄▀ ▄██▄▄ ▀▄▄ ▄  ▀█
█ ▄██▀▄▄ ▀ ▄  █▀▀▄▄▀ ▄▀   █▀▄▄ ▀▀▄▀██▀ ▄▀█▄▄  ██▀█ ██▄ ██▄█
█ ▄▀▄█ ▄▄█ ██ ▄▄▀█▄▄█  ▀ ███▀▀█▄▄▄   ▄  ▄▀▄▄▀▀ █▄█▄ ▀█ ▄▄▄█
█▀█▀  ▄▄▄ ▄▀▄▀▄▀ █▄▄▀▀█▄█▄  ▄▄▄ █▄█▄█▀▄█▀ ██▄▄▀▄▀ ▄▄▄ ▀▀▀██
█▀█▄▀ █▄█ ▄▀▀▀▀█▀ █▄ █▀▀ ▄█ █▄█  ▄▀▀█▀▄▄ █ ▄▄  ▀▀ █▄█ ▄ █▄█
█▀▀  ▄ ▄  █▀▄▄▀▀▀▄▄   ██▄ ▄▄  ▄▄▀ ▀  ▄ █ ▄▀▀██▀█▀  ▄▄ ██▄██
█▄    █▄▄  █ ▄▀▀▄▄▄▀█▄ ▄▀ █▀▄▄▀▀█▀ ▄▄▀▄█▄▄  █▀ ████▀█▄  ▄▀█
█▀█  ▄▀▄█ ██▄█▀█▀▄█  ▄▀▀█▀▀█▄▀ ██ █▄██ █▄████   █▀▄▄▀▄▀▄  █
█▄▄▀▄▀▀▄▀  ███▄ ██▄▄▀██▀ ▄▄▀████ █ ▄▄▄▄▀▀▀▄▄▄▀ █▀ ▄█ ▄ ▀▄▄█
█▄ █▀█▄▄ ▄█ █▀ ▄ ▄▀   ▄▄▄▀▄▄ ▄ █ █ ▄ ▄█  ▄█  █ ▄██ ▀▄▀▀▀█▄█
█▀ █▄▀█▄▄ █  ▄█▄▀ █▀ █▄▀▀▄▀ █ ▀▄█▄▄▀▀▀▀▄▄▀▀█  ▀   ▀█▀ █▄▀ █
█▀▄ ▀▄ ▄▀  █▄  ▀▄██▄ ██ ▄█████  ▀█▀█▄ ▄▄██▄ ▀█▄ ▀ ▄▀▄ ▄▄▄▀█
██ ▀  █▄███▀▀▄▀▄█▄▀▀ █ █▀ ▄▄▀██ ▀▀▀█▀▀ ▄ ▄▀ ▀█▄▄█ ▄▄███▀▀▀█
█ ▀ ▀▀▄▄▄  ▀▄▄▄█▄ ▀██▄▄▀▄  ██ ▀█ ▀ ▄▀ ▀▄ ▀▄▄▀▀▀  ▀ ▄▀▀ █▄▄█
███████▄█▀ ▄▄█▀█ ▄ ▄▀▀███▄█ ▄▄▄ ▄▀ █▀▄█ ▀▀▀█ █ ▄█ ▄▄▄  ▄▄▀█
█ ▄▄▄▄▄ ████▄█▄▀▄▀▄▀▀▄▄█▀██ █▄█   ▄██▀▀▄     ▄▀▀▀ █▄█ ▀▀▀▀█
█ █   █ █▀▀▀▄██▀▀███ ▄ █ ▀  ▄▄  ▀ ▀▀██▄▄ ▀▄█ ▄█ █  ▄▄  █▀██
█ █▄▄▄█ █ █▀██▀▀  ▀ ▄▀ ▀█▀▀ █▀█▀█▀ ▀ █▀ █▄ ▀▄█▀▄▄▄▀▀▀▀▀▄█▀█
█▄▄▄▄▄▄▄█▄█▄▄█▄▄▄███▄█▄▄▄▄███████▄██▄██▄▄▄▄███▄███▄▄█▄█▄███


📱 SCAN THIS QR CODE WITH YOUR WHATSAPP APP:
▄▄▄▄▄▄▄▄▄▄▄▄▄▄▄▄▄▄▄▄▄▄▄▄▄▄▄▄▄▄▄▄▄▄▄▄▄▄▄▄▄▄▄▄▄▄▄▄▄▄▄▄▄▄▄▄▄▄▄
█ ▄▄▄▄▄ █▄▄ ▀██▀██▀▀ ▀█ █ ▄█▄▄█   ██  ▄███▄▄▀  ▄ ██ ▄▄▄▄▄ █
█ █   █ █ ▀█▀▀ █▄▄ ▀██▀█ ▀ █▄▄▀▄ █▀█▀ ▀█ █▀ █▄▀▄ ██ █   █ █
█ █▄▄▄█ █▄ █▀█▀ ▀▀ █ ▀▄  █▀ ▄▄▄ ▄█▄▀ ▄▄ ▄███▀█▄▀▄██ █▄▄▄█ █
█▄▄▄▄▄▄▄█▄█ █▄▀ █▄█ ▀▄▀ ▀▄█ █▄█ ▀ ▀ █ █ ▀ ▀▄▀ ▀▄█ █▄▄▄▄▄▄▄█
█▄ ▄▄██▄█▄  ▀ ▀█▄▄ ▀ ▄█ ▀ █      █ ▄▀█▀█▄▄▀▀▀▀█▄▀▀▄█▀▄▄ ▀▄█
██▄▀▄█ ▄██  ▀  ▀ ▀ ██ ▄▄█▀█▄▄  ▀▀▄▀▀  ▀█ █ ▄██ ▀█▀ █ █ ▄▄ █
█▄▄█  █▄▄█▀▀▀ ▄ █▄█▄▀▀█▄▄▄ ▀█▀█▀▄▀ ██   ▄█▄█▄▀ █ ██▀▀▀▀ ▄▄█
█ ▄█ ▄▄▄██▀▀  ▀▀█▀█ █▄▀█▄█▀▄▀▄▀▀█ ▄▄▄ █  ██▄▀ ▄▄  █ ▄▄ ▀▀██
██ ▀▄▄ ▄  ▄ ▀█ ▄▄  ▀ █ ▀▀█▄▀▄▄ █▄▄▄▀▀▀██ █▀█ ▄▀ █▄█▄▄█ ▄▄ █
█ ▀▀▀▄ ▄▀▀▀▀▀ ▀▀ ▀▀▀  ▄█▀▀▀▀▀▄  █▀▀▄▄▄▀▀  ▄▀ █▀▀▀▀▄█▀▄▀▄█▀█
█▀▀▀▀  ▄█▄█▀ ▀ ██ ▄███▄ ▀█▀ ▄ ▀▀▀▀█▄▄█ ▄▄ ▀  ▀█▄▄ ▄█▄ ▄   █
█ ▄██▀▄▄▄▀  ▄▀█▄▀▄▄▀ ▄▀   █▀▄▄ ▀ ▄▀█▄  ▄ ▄▄▄  ██▀█ █▀  ██▄█
█ ▄▀▄▄▄▄▀▀ █ ▀▀█▀█▄▄█  ▀ █▀▀▀▀█▄▄▄   ▄  ▄▀▄▄▀▀ █▄▄  ▀▀ ▄▄▄█
█▀█▀  ▄▄▄ ▄▀█▄▀▄ █▄▄▀▀█▄█▄█ ▄▄▄ █▄█▄█▀▄█▀ ▀▀▄▄▀▄█ ▄▄▄ ▀▀▀██
█▀█▄█ █▄█ ▄▄▀▀█ ▀ █▄ █▀▀ ▄▀ █▄█  ▄▀▀█▀██ █ █▄ █ █ █▄█ █▄█▄█
█▄▀▀█▄▄▄ ▄█▀▄▄▀▀▀▄▀    ▀▄ ▄▄  ▄▄▀ ▀▀▄▄█▄▄ ▄█▀██▄▄▄▄   ▄█▄██
██▀   █▄█▀ █ ▄▀▀█▄ █ ▄▄ ▀ █▀ █▀▀█▀ ▄▄██▄█  ▀▀▀ ▄▀▄█▀▄█ ▀▄██
█▀▀█▀▄▀▄▄ ██▄█▀█▄▀█ ▀▀▀▀ █▀█   ██ █▄▀█ █▄█▄█▄   ▄▀▄▄  ▀▄▄▄█
███▀▄▀▀▄▀  ██ ▄ ██▄▄▀██▀ ▄▄▀███▄ █ ▄ ▄▄▀▀▀▄▄██ █▀ ▄█ ▄ ▀█▄█
█▄ █▀█▄▄ ▄ ▄▄▄██ ▄▀   ▄▄▄▀▄▄ ▄▀█ ▄ ▄▀██  ██ ▀█ ▄██ ▀▄▀▀▀█▄█
█▀ █▄  ▄▄ █▄██▀▄▀ █▀ █▄▀▀▄▀ █ ▀▄█▄▄▀▀▀▀▄▄▀▀█  ▀   ▄ ▀ ▀▄▀ █
█▀▄ ▀█▀▄▀ ▄▄▀▀▄▀▄██▄ ██ ▄█▀███  ▀███▄  ▄██ ▄▀█ ▄▀ ▄▀▄ ██▄▀█
██ ▀█ █▄██ ▄▀▄█▀█▄▀▀ █ █▀ ▄▀▀██ ▀▀██▀▀ ▄ ▄ ▀▀██▄█▄▄▀█▄█ ▀▀█
█ ▀ ▀▀▄▄▄▀ ▀▄▄▄█▄ ▀██▄▄█▄   █ ▀█ ▀▀▄▀  █ █▀▄▀▀▀▀▄▀▄▄▀ ▄█▄▄█
███████▄█  ▄▄█▀█ █ ▄▀ █▀███ ▄▄▄ ▄▀ █ ▄  ▄▀▄▄ ▀ █▀ ▄▄▄  █ ▀█
█ ▄▄▄▄▄ ████▄█▄▀█▀▄▀ █▄█  █ █▄█ ▄ ▄█ █▀█▀█▀ █▄▀▀█ █▄█ ▀▀█▀█
█ █   █ █▀▀▀▄██▀▀███ ▄ █ ▀      ▄ ▀▀ █▄▄ █▄█ ▄█ █  ▄▄  █ ██
█ █▄▄▄█ █  █▄▄    ▀ ▄▀ ▀█▀▀ █▀█▀█  ▀▀▄▀ ██ ▀▄█▀▄▄▄▀▀█▀▀▄█▀█
█▄▄▄▄▄▄▄█▄█▄███▄▄███▄█▄▄▄▄███▄███▄██▄██▄▄▄▄███▄███▄▄███▄███


📱 SCAN THIS QR CODE WITH YOUR WHATSAPP APP:
▄▄▄▄▄▄▄▄▄▄▄▄▄▄▄▄▄▄▄▄▄▄▄▄▄▄▄▄▄▄▄▄▄▄▄▄▄▄▄▄▄▄▄▄▄▄▄▄▄▄▄▄▄▄▄▄▄▄▄
█ ▄▄▄▄▄ █▄▄ ▀█▄▀█▀▀▀▄█▄  ▄▄█▄▄█   █▀▄█ ▀ █▀ ██ ▄ ██ ▄▄▄▄▄ █
█ █   █ █ ▀██▀ ██▄ ▀██▀█▀▀ █▄▄▀▄ █▀█▄ ▀█▄▄▀ ▀█▀▄ ██ █   █ █
█ █▄▄▄█ █▄▄▀█▀▀ ▀▀ █ ▀▄  █▀ ▄▄▄ ▀▀▄▀▀█▄  ▄██▀ ▄▀▄██ █▄▄▄█ █
█▄▄▄▄▄▄▄█▄▀▄▀ ▀ █▄█ ▀▄▀ ▀▄█ █▄█ ▀ ▀ █ █ ▀ ▀▄▀ ▀▄█ █▄▄▄▄▄▄▄█
█▄ ▄▄█▀▄▀ ▄▀█▀▀█▄▄ ▀ ▄█ ▀ █▄     █ ▄▀█▀█▄▄▀▀▀▀█▄▀▀ ██ ▄ ▀▄█
██▄▀▄█▀▄██ ▀ ▄ ▀ ▀ ██ ▄▄█▀ ▄   ▀▀▄▀▀  ▀█ █▄▄██▄▀██▀▄▄▄ ▄▄ █
█▄▄▄█ █▄▄█ █▀ ▄ █▄█▄▀▀█▄▄▄▀ ███▀▄▀▀▄█ ▀ ▄█▄▄▄▀▄█▄▄█▀▀██▄▄▄█
█ █▀▄▄▄▄▄▄▀▀  ▀▀█▀▀██▄▄ ▄█▀▄▀▄███ █▄▄▄▄█ █ ▄█  ▀███ ▄█▀▀▀██
█▄██▄▄ ▄  ▄ ▀█ ▄  █▀ █▄█▀▄▄▀▄▄▀▄▄▄▄ ▀▀██ █▀▄   ▀█▄█▄▄█▀█▄ █
██▀█  ▄▄▀▀▀▀▀ ▀▀██▀▀▀ ▄██▄▀▀▀▄▀▀█▀▀▄▀ ▀ ▄▀▄▀ ▀▀ ▀▀ █▀▄▀▄ ██
█▀▄▀▀██▄█▄█▀█▀ ██ ▄███▄ ▀█▀ ▄ ▀▀▀▀█▄▄█ ▄▀ ▀ ▀▀█▄▄ ▀█▄ ▄  ▀█
█ ▄██▄█▄ ▀█ ▀█ ▄▀▄▄▀ ▄▀   █▀▄▄ ▀▀▄▀█▄▀ ▄▀█▄▄  ██▀█▄▄█  ██▄█
█ ▄▀▄ █▄▀▀█▀█▀▀█▀█▄▄█  ▀ █▀█▀▀█▄▄▄   ▄  ▄▀▄▄▀▀ █▄▄  ▀█ ▄▄▄█
█▀█▀  ▄▄▄ ▄▀▀█▀▄ █▄▄▀▀█▄█▄▀ ▄▄▄ █▄▀ █▀ █▀ ██▄▄▀▄  ▄▄▄ ▀▀▀██
█▀███ █▄█   ▀▀▄█▀ █▄ █▀▀ ▄█ █▄█  ▄▀▀█▀▄█ █ ▄▄  ▀▄ █▄█ ▄██▄█
█▀█ ▀  ▄ ▄█▀▄▄▀▀▀▄▄█  ▄ ▄ █   ▄▄▀ ▀ ▄ ▀   █▄▀▀▀█▄▄  ▄  ▄▄██
███▄▀ █▄▀█ █ ▄▀▀▄▄▄█▀▄█   █▀▄▄▀▀█▀ ▄▄█▀█▄▄▀▀████▀██▀█▄▀ ▄▀█
█▄  █▄▀▄█ ██▄█▀██ █  ▀▀▀  ▀██  ██▄█▄▄▄▀▄██▄▄█▄  ▄▀▄▄ ▀▀▄ ▄█
██ ▀▄▀▀▄▀  █  ▄ ██▄▄▀██▀ ▄▄▀██▀█ █ ▄▄ ▄▀▀▀▄▄▄▀ █▀ ▄█ ▄ ▀█▄█
█▄ █▀█▄▄ ▄ ▀▄▄▀  ▄▀   ▄▄▄▀▄▄ ▄ ▀ ▄ ▄▀██ ▀▄█ ▀█ ▄██ ▀▄▀▀▀█▄█
█▀ █▄█▄▄▄ ▀ ▀▀█▄▀ █▀ █▄▀▀▄▀ █ ▀▄█▄▄▀▀▀▀▄▄▀▀█  ▀     ▀ █▄▀ █
█▀▄ ▀ ▄▄▀ ▀█▀▄▄▀▄██▄ ██ ▄█████  ▀███▄ ▄ ██  ▀█ ▄▀ ▀█▄ ▄█▄▀█
██ ▄▄ █▄▄▀▄▀▀▄ ▄█▄▀▀ █ █▀ ▄ ▀██ ▀▀█▄▀▀ ▄ ▄▀▀▀██▄█  ▀█▄▄█▀▀█
█ ▀ ▀▀▄▄█▀ ▀▄▄▄█▄ ▄ █▄▀ ▄   █ ▀█ ▀▀█▀▄▀▀ █▄▄█▀ ▀ ▀█   ▀▄▄▄█
███████▄▄▀ ▄▄█▀█▀▄ ▄▀▀███▄█ ▄▄▄ ▄▀ █ ▄▀ ██▄█▄▀▀█▀ ▄▄▄ ▀▄ ▀█
█ ▄▄▄▄▄ ████▄█▄▀ ▀▄▀▀█▄█▀ █ █▄█ ▄ ▄█▀  █ █▀▀▀▀▀ ▀ █▄█ ▀▀███
█ █   █ █▀▀▀▀██▀▀███ ▄ █ ▀   ▄  ▀ ▀▀▀█▄▄▄█▄██ █ ▄  ▄ ▄ █▀██
█ █▄▄▄█ █  ▄ ▄    ▀ ▄▀ ▀█▀▀ ▀▀█▀█▀ ▀▀▄▀ ▄█ ▀▄█▀▄▄▄▀▀█▀▀▄█▀█
█▄▄▄▄▄▄▄█▄▄█▄▄▄█▄███▄█▄▄▄▄███▄███▄██▄██▄▄▄▄███▄███▄▄█▄█▄███


📱 SCAN THIS QR CODE WITH YOUR WHATSAPP APP:
▄▄▄▄▄▄▄▄▄▄▄▄▄▄▄▄▄▄▄▄▄▄▄▄▄▄▄▄▄▄▄▄▄▄▄▄▄▄▄▄▄▄▄▄▄▄▄▄▄▄▄▄▄▄▄▄▄▄▄
█ ▄▄▄▄▄ █▄▄ ▀█▄  ▀▀  ▀█▀ ▄▄█▄▄█   ██ ▄ █▄▄▄ ▄█ ▄ ██ ▄▄▄▄▄ █
█ █   █ █ ▀█▀█ █▄▄ ▀▄▄▀█▀  █▄▄▀▄▀▄▀█▄ ▀██▄▀  █▀▄ ██ █   █ █
█ █▄▄▄█ █▄▄▀█ ▀ ▀▀ █ ▀▄  █▀ ▄▄▄ ▀▄▄▀▀▄▄   ███ ▄▀▄██ █▄▄▄█ █
█▄▄▄▄▄▄▄█▄█▄▀ ▀ █▄█ ▀▄▀ ▀▄█ █▄█ ▀ ▀ █ █ ▀ ▀▄▀ ▀▄█ █▄▄▄▄▄▄▄█
█▄ ▄▄▀▀▄█▄█ ▀▀▀█▄▄ ▀ ▄█ ▀ █      █ ▄▀█▀█▄▄▀▀▀▀█▄▀▀ █▀ ▄ ▀▄█
██▄▀▄█▀▄ ▀█▄▄█ ▀ ▀ ██ ▄▄█▀▀▄▄  ▀▀▄██  █▀ █ ▄██▄▀▄▀▀▄▀▄ ▄▄ █
█▄▄█▄ █▄█▄  ▀ ▄ █▄█▄▀▀█▄▄▄  ▀▀█▀▄▀ ██ ▀▀▄█▄█▄▀▄▄▄▄█▀▀██ ▄▄█
█▄▀▀▀▄▄▄██▀▀  ▀▀█▀▄▀█▄█ ▄█▀▄ ▄█▀█ █▀  ▄▀▄█▄██ ▄▀▀▀█ ▄▄  ▀██
████▀▄ ▄  ▄ ▀█ ▄ ▀█▀█▄ ▀▀█▄▀▄▄ ▄▄▄▄▀▀██▄ ▀ █  █▀█▄█▄▄█▀█  █
██▄█▄▄▄▄▀▀▀▀▀ ▀▀ ▀▀▀██▄█ ▄▀▀▀▄▀▀▀█▀▄▀▀▀ ██▄ ██  ▀▀ ▀▀▄▀▄ ██
█▀ ▀▀▄▄▄█▄█▀▀█ ██ ▄███▄ ▀█▀ ▄ ▀▀▄██▄▄█ ▄  ▀ █▀█▄▄  ▄▄ ▄  ▀█
█ ▄███▄▄ ██▄█▄▀ ▀▄▄▀ ▄▀   █▀▄▄ ▀ ▄▀█▄▀ ▄▀█▄▄  ██▀█▀▀█▄ ██▄█
█ ▄▀▄▀▀▄█▀▀ █ ▄▀▀█▄▄█  ▀ █▀▀▀▀█▄▄▄   ▄  ▄▀▄▄▀▀ █ █▀ ██ ▄▄▄█
█▀█▀  ▄▄▄   ▀▀▄▄ █▄▄▀▀█▄█▄█ ▄▄▄ █▄█ █▀ ▀▀ █▀▄▄▀   ▄▄▄ ▀▀▀██
█▀█▄█ █▄█  ▄▀▀█▀▀ █▄ █▀▀ ▄█ █▄█  ▄▀▀█▀▄▄ █ █▄  ▀█ █▄█ █▀█▄█
█▄▀█▄▄ ▄  █▀▄▄▀▀▀▄▄▄  ▄ ▄ █▄  ▄▄▀ ▀ ▄ ▄█   ▀█▀▀ ▀    ▄██▄██
██ ▀▄ █▄▄▀ █ ▄▀▀██▄██▄█  ▀█▀▄▄▀▀█▀ ▄██ ██ ▀ █▀▄█▀██▀▄▄▀▀▄▀█
█▀  ▄▄▀▄█▀██▄█▀█▀▀█ ▄▄▀▀▀ ▀█ ▀ ██ █▄█ ▀██▄███▄▀ ▄▀▄▄█▄▀▄▄▄█
█▄ ▀▄▀▀▄▀  █▀ ▄ ██▄▄▀██▀ ▄▄▀██   ▀ ▄  ▄▀█▀▄▄▄█ █▀ ▄█ ▄ ▀▄▄█
█▄ █▀█▄▄ ▄ ▄  █  ▄▀   ▄▄▄▀▄▄ ▄▀█ █ ▄ ██  ▄█  █ ▄██ ▀▄▀▀▀█▄█
█▀ █▄█▄▄▄  ▄█▀▄ ▀ █▀ █▄▀▀▄▀ █ ▀▄█▄▄▀▀▀▀▄▄▀▀█  ▀   ▀▀▀ █ ▀ █
█▀▄ ▀ ▀▄▀ ██ ▄  ▄██▄ ██ ▄█████  ▀███▄   ██  ▀█▄▄██▄▀▄ ▄▄▄▀█
██  ▄█▀▄▄ ██▀▄▄██▄▀▀ █ █▀ █▄▀██ ▀▀█▄▀▀▀▄ ▄▀▀▀█▄▄▀▀█▀▄▄▀▄▀▀█
█ ▀ ▀▀▄▄▄▀ ▀▄▄▄█▄ ▀▄█▄ █▄  ██ ▀█ ▀▀██  ▄▄█▀█▀▀▄ █ ▄▄█ ▀█▄▄█
███████▄█▀ ▄▄█▀█ █▄▄  ██▀██ ▄▄▄ ▄▀ █▄  ▀▄▀▄▄ ▀▀▄▀ ▄▄▄  ▄▄▀█
█ ▄▄▄▄▄ ████▄█▄▀▄▄▄▀▀█▄█▀ █ █▄█   ▄█ █▀██▀ ▀▀▀▀ ▄ █▄█ ▀▀▀▀█
█ █   █ █▀▀▀▄ █▀▀███ ▄ █ ▀  ▄    ▄▀▀▀█▄▄ ▀▄█  █ █  ▄ ▄ █▀▄█
█ █▄▄▄█ █   ████  ▀ ▄▀ ▀█▀▀ ▀██▀▄▀ ▀▀▄▀ ▄▄ ▀▄█▀▄▄▄▀▀▀█▀▄█▀█
█▄▄▄▄▄▄▄█▄▄▄▄█▄▄▄███▄█▄▄▄▄███▄███▄██▄██▄▄▄▄███▄███▄▄▄██▄███


📱 SCAN THIS QR CODE WITH YOUR WHATSAPP APP:
▄▄▄▄▄▄▄▄▄▄▄▄▄▄▄▄▄▄▄▄▄▄▄▄▄▄▄▄▄▄▄▄▄▄▄▄▄▄▄▄▄▄▄▄▄▄▄▄▄▄▄▄▄▄▄▄▄▄▄
█ ▄▄▄▄▄ █▄▄ ▀██▀██ ▀ ▀▄ ▄ ▄█▄▄█    ▀▀  █▄▄▄  ▄ ▄ ██ ▄▄▄▄▄ █
█ █   █ █ ▀█▀█ ███ ▀██▀█   █▄▄▀▄ █▀█  ▀██▄▀ ▀█▀▄ ██ █   █ █
█ █▄▄▄█ █▄▄██▄▀ ▀▀ █ ▀▄  █▀ ▄▄▄ ▀█▄▀▄▄▄ ████▄ ▄▀▄██ █▄▄▄█ █
█▄▄▄▄▄▄▄█▄▀ ▀▄▀ █▄█ ▀▄▀ ▀▄█ █▄█ ▀ ▀ █ █ ▀ ▀▄▀ ▀▄█ █▄▄▄▄▄▄▄█
█▄ ▄▄██▄▀▄  ▄█▀█▄▄ ▀ ▄█ ▀ ▀▄     █ ▄▀█▀█▄▄▀▀▀▀█▄ ▀ ██▄▄ ▀▄█
██▄▀▄█ ▄█▄ ▀▄  ▀ ▀ ██ ▄▄█▀█▄ ▄ ▀▀▄▀▀  ██ █▄▄██▄██ ▀██▀ ▄▄ █
█▄▄ ▄ █▄▀▄█▄▀ ▄ █▄█▄▀▀█▄▄▄ ▀▄██▀▄▀███ ▄▀▄█▀▄▄▀ █ ██▀██▀ ▄▄█
█▄▄▄█▄▄▄▄▄▀▀  ▀▀█▀ ▀█▄█▄▄█▀▄ ▄▀██ ▄█▄ ▀▄▄▀  █ ▀▀█▄█ ▄▄  ▀██
█ ▄ ▄▄ ▄  ▄ ▀█ ▄ ▀▀███ ▀ █▄▀▄▄▀▄▄▄█▀█▀▀█▄▀ ▄  █ █▄█▄▄█ █ ▄█
█▄▀█▄ ▄▄▀▀▀▀▀ ▀▀▀▀▀▀█▄▄█ █▀▀▀▄▀ ██▀▄      █▀█▀▀ ▀▀▄█▀▄▀▄ ▀█
█▀█▀▀ ▄▄█▄█▀▀  ██ ▄███▄ ▀█▀ ▄ ▀▀███▄ █ ▄  ▀ █▀█▄▄ ▀█▄ ▄   █
█ ▄██  ▄▄██ ▄▄▀█▀▄▄▀ ▄▀   █▀▄▄ ▀ ▄▀██▀ ▄ █▄▄▀ ██▀█ ▀▀▄ ██▄█
█ ▄▀▄ █▄▀▀██▄▀▀▀▀█▄▄█  ▀ ███▀▀█▄▄▄   ▄  ▄▀▄▄▀▀ ██▄▄ ██ ▄▄▄█
█▀█▀  ▄▄▄ ▄█▄▄ ▀ █▄▄▀▀█▄█▄█ ▄▄▄ █▄█▄█▀▄▀▀ █▀▄▄█▄█ ▄▄▄ ▀▀▀██
█▀█▀█ █▄█ ▄▄▀▀█▀▀ █▄ █▀▀ ▄█ █▄█  ▄▀▀█▀█▄ █▀█▄ ▀ █ █▄█ ▄▄█▄█
█ █▄█▄▄▄▄▄█▀▄▄▀▀▀▄    ▀█▄ █   ▄▄▀ ▀  ▄▀   ██▀█▄ ▀  ▄▄ ██▄██
██▄▄█ █▄ ▄ █ ▄▀▀██ ▀▀▄  ▀ █▀▄█▀▀█▀ ▄▄▀▀▄▀▄ ▀ ▀▄▄█▄█▀ █ ▀ ▀█
█  ▀█▄▀▄▄▄██▄█▀█  █   ▀▀▄ ▀███ ██▄█▄▄▀▀██▄█▄▀▄▀ ▄▀▄▄▀ ▀▄▄▄█
██▄▀▄▀▀▄▀  █▀ ▄ ██▄▄▀██▀ ▄▄▀██▀  █ ▄▄▄▄▀██▄▄▄▀ █▀ ▄█ ▄ ▀███
█▄ █▀█▄▄ ▄█▀ ▀█▄ ▄▀   ▄▄▄▀▄▄ ▄▄█ ▄ ▄▀▄█ ▀▄█ ▀█ ▄██ ▀▄▀▀▀█▄█
█▀ █▄▄▀▄▄ ▀█▀▄▄█▀ █▀ █▄▀▀▄▀ █ ▀▄█▄▄▀▀▀▀▄▄▀▀█  ▀   ▀ ▀ █ ▀ █
█▀▄ ▀▀ ▄▀ ██▄██▄▄██▄ ██ ▄█▀███  ▀███▄ ▄ ██  ▀█ ▄█▀▄█▄ ▄▄▄▀█
██ ▄▀▀█▄ █▀▀▀▄ ██▄▀▀ █ █▀ █ ▀██ ▀▀▄▄▀▀██ ▄  ▀██▄█▀▄▀ ██ ▀▀█
█ ▀ ▀▀▄▄▄▀ ▀▄▄▄█▄  ▄█▄▀▄▄ ▀▀█ ▀█ ▀ ▄▀ █▀ █▄██▀▄▄▀▀█ ▄  ▄▄▄█
███████▄▄▀ ▄▄█▀█▀▄ ▄▄ ▀█▄▄█ ▄▄▄ ▄▀ █▄▄ ▀▀▀▄█ █▀██ ▄▄▄ ▀█ ██
█ ▄▄▄▄▄ ████▄█▄▀█ ▄▀▄▀▄██ █ █▄█ ▄▄▄█ ▀ ▄▄ ▀▀█ ▀▀█ █▄█ ▀▀▄▀█
█ █   █ █▀▀▀█▀█▀▀███ ▄ █ ▀  ▄▄  ▄▄▀▀▀▀▄▄▄█▄█▄ █ ▄  ▄▄  █ ██
█ █▄▄▄█ █ ▀▀   ▄  ▀ ▄▀ ▀█▀▀ ███▀█  ▀▀█▀ ▄█ ▀▄█▀▄▄▄▀▀▀▀▀▄█▀█
█▄▄▄▄▄▄▄█▄▄▄▄█▄█▄███▄█▄▄▄▄███████▄██▄██▄▄▄▄███▄███▄▄███▄███

[!] Connection closed for 2348035235080. Code: 408
🔄 Reconnecting seamlessly...

📱 SCAN THIS QR CODE WITH YOUR WHATSAPP APP:
▄▄▄▄▄▄▄▄▄▄▄▄▄▄▄▄▄▄▄▄▄▄▄▄▄▄▄▄▄▄▄▄▄▄▄▄▄▄▄▄▄▄▄▄▄▄▄▄▄▄▄▄▄▄▄▄▄▄▄
█ ▄▄▄▄▄ █▄▄█▀ ▀▀▀▀██ ▀█▄█▄ █▀ ▄ ▀  ▀▀  █▄█  ▄█ ▄ ██ ▄▄▄▄▄ █
█ █   █ █ ▀ █  █▄▄▀ ▄██▄▀▀ ██▄ ▄█▄█▀▀▀█ █▄▄█▀█▀▄ ██ █   █ █
█ █▄▄▄█ █▄▄ ▀▄██▀▀ █ ▀ ▀ █▀ ▄▄▄  █▀█▀██ ▄▄██ ▄▄▀▄██ █▄▄▄█ █
█▄▄▄▄▄▄▄█▄█▄▀ █ █▄█▄▀▄█▄▀▄█ █▄█ ▀ ▀ █ █▄▀▄█ █ █ █ █▄▄▄▄▄▄▄█
█ ▄▄ ██▄█ █▀▀▀▀▀█▄▀█ ▄▄ ▀▀█▄▄    █ ▄▀▀ ▄   ▀█▀█▄   ██ ▄ ▀ █
█▄▀▀ █▀▄▀ ▄█▀▄ ▀   ██ ▄▄█ ▄█▄▀▀ ▀▄█▀▄▄███▀ ▄▄ █▄ ▄▀▄▄  ▄▀ █
█ ▄   █▄▄█▄█▀▀▄ █▄█▄▀ █▄▄▄▄█▀██▀ ▀▄▄▄  ▀█▀██▄▀▀█▄█▄ █▀▀▄▄██
█▀█ ▄█ ▄▀ ▄▄█▀████▄ █▄█▄█  █ ▄▀▀ █ █   ██ ▀▀  ▀ ▀ █▄ ▄▀▀▀██
█▄ ▀ ▀█▄▄█▀█ ▀█  ▀▀▀▄▄▄██▄▄█▄▄▀▄  █▀█▀▄▄▀▀▀█▀▄█ ▀█▄█ ███▄▀█
█▄▀ █  ▄█▀▄█▀█▀▀█ ▄▄  ▀▀█ ▀ █ ▄█▄▄█▄▄▀▀ ▄▀█▀▀█▀ ▀▀ █▄ ██▄██
█▀▀▄▀ ▄▄██▄▄▀  ██ ▄▀███ ▀█▀▀  █▀▀▀ ▄▄▀ █  ▀  ██▄▄ █▄  ▀   █
█  ▄▀▄▀▄▀▄█  ▄▄ ▀▄ █ ▄▀█  █▀▄█▄  █ ▄ █▀█▀█ ▄ ▄▀▀ █▄███▀██▄█
█▀▄██ █▄▀▄▀▀█ ▄▀ ▄▄ █ ▀▀▀████▀▄▄▄▄   ▄  ▄▀▄█▄▀▀█ █  ▀█▀▄ ▄█
█▄▄   ▄▄▄ ▀█▄█▀▀█▄▄▄▀▀█▄ ▄  ▄▄▄ ▀▄▀ ▄▄██▄██ █ ▄▄▄ ▄▄▄ ▀▀███
█▀ ▀▀ █▄█ █▀ ▄█▄▄ █▄█▄▀▀▀▄▀ █▄█ ▄ ▄▀▄█▀█ ▀▀▄▄▄▀ ▄ █▄█ ▄▀▀▀█
█▀█▀  ▄▄▄  ▄▀█▄▀▄▄█  ▄▀▄▀█▄▄▄ ▄▄█▄▀ ▀▀▄▄▀▀▄▀▀█▄▀▄    ▄ ▄ ██
█▄▀ ▄█▄▄▄▀▀█▀ ▀ █▄▄█ ▄▄▄▀ ▄▀▄█▀▀█▀ ▄▄▀ ▄ ▄ ▀ █▄▄▀▀▄▀ █ ▄ ▀█
█▄ ▀█▀▄▄▄▀▄▄▄▄▄▄▄▀▀▀ █▀██▄  ▄  █ ▀▀ ▀▀█▀ ▄ ▀▄▀ █▀    ▀▀█ ▄█
█ ▄ ▄ █▄ ▀█ ▀▀▄ ██▄ ▀█ ▀ ▄█▄███ ▄█ ▄▀   ▄▀▄█▀▀▀██▄ █ █ ▄███
█▄█▄ ▄ ▄▀ ▄██ ▄█ ▄█   ▄ ▄▀▄▄ ▄▄█▀▄▀█▄▀▄▀▀██▀▄▄██  █▀   ▀█▄█
█ █▀ ▀ ▄███ ▄ ▄█▀ █▀ █▄▀ █▀  ▀  █▄▄▀▀▀██▄▀ ▄  ▀ ▄  ▄▄ ▄▀▀ █
█ ▄▄▀▀█▄▄ ▀  █▄█▄▀█▄ ██ ▀▀██▄▄▄ ██▀█▄▄█▀ ▀▀  ██▀█ ▄▀▀ ▄▄ ██
██  ▄ ▀▄  ▄▄ ▄▀▀█▄▀▀ █ █▀ ▄▄▄█▀▀▀▀▄▄▄█ ▄▀▄▀▀▀▀██▀█▀▀▄█▄▀█▀█
█ ▀ ▀▀▄▄▄▀█ ▀▄█▄ ▀ █▀█ ▀█▀▄█▄▀▀▀▀  ▄ ▀█▀▄█ ▀▀▄ ▀  █ █▄▀▄▄▄█
███████▄▄ █▄▄▀ █ ▄   ▀█████ ▄▄▄ ▄█ █▄ ▀▀█▀▄▄ ▀▀██ ▄▄▄ ▀▄▀▄█
█ ▄▄▄▄▄ ██ ▄█▄▀▄█ █▄█▄▄ ▄██ █▄█ ▄▀▀▄▄██▄▄ █▄▄█ ▄  █▄█  ▀███
█ █   █ █▀ ▀█▄█ ▀█ ▀ ▄▄█ ▀█ ▄   ▄▄▀ ▀█▄█ ▀█▄▄▄ ▀█   ▄▄▄ ▀██
█ █▄▄▄█ █  █▄▀ █  █▀▄▀ ▀█▀ ▀███▀█       ▀█▄▀ █▀█▄▄  ▀████▀█
█▄▄▄▄▄▄▄█▄▄█▄█████▄█▄█▄▄▄███▄▄███▄██▄█▄█▄▄████▄██▄███▄█████


📱 SCAN THIS QR CODE WITH YOUR WHATSAPP APP:
▄▄▄▄▄▄▄▄▄▄▄▄▄▄▄▄▄▄▄▄▄▄▄▄▄▄▄▄▄▄▄▄▄▄▄▄▄▄▄▄▄▄▄▄▄▄▄▄▄▄▄▄▄▄▄▄▄▄▄
█ ▄▄▄▄▄ █▀ ██▄ ▄ █ ▀▀█ ▄   ▀█  ▄▀▄▀█▀▄▄▀██▀▄▄▄▄▄ ██ ▄▄▄▄▄ █
█ █   █ █▀ ▀▀▀▀██▄▀▀██▄█▀▀▀█▄█ █▄▄▄   ▄ ▀▄▄▄▀▄ ▄ ██ █   █ █
█ █▄▄▄█ █▀▀ ██▀▄▄█▀ ▄ ██▀ █ ▄▄▄ ▄█▄▀ ▄▀▀▀█▄ ▄█▀▀▄██ █▄▄▄█ █
█▄▄▄▄▄▄▄█▄█ █▄█▄▀▄▀ ▀ ▀▄█ █ █▄█ ▀▄█ ▀▄█ █▄▀▄█▄▀ ▀▄█▄▄▄▄▄▄▄█
█ ▄▄  ▀▄ ▄▄▄█▀ ▀▄█▀▄▀▄█▀▀  ▄▄   ▀█▀█▀ ▀▄▀▀  ▄▀▄█▀▀▄█ █▄▀ ▀█
█▀█ █ ▀▄▄ ▄███▄ █▄▀ ▀▀▀ ▄█▀▄██ ███ ██▀█  ██▀ ▀▄▄▄▄▄▄▀▄▀▀█▀█
█▄▄ █ ▀▄█▀▄███▄▄▀▄▀ ▀▄▀▄  ▄▀█▀▀█ ██▄ ▄▄█▀▀  ▄███ ▀▄▄██▀ ▄▀█
█▄▀▀▀▄ ▄▀▀███ ▄█▄▄  ▄▄███▀▀█▀█▀ ▀█▄ ▄█ ▄▄▀▀ █▄▀▀ ▀▄▄ ▄▀  ██
█▄▀ ▀█▄▄ ▄▄▀▀▄▀▀▄█▀▄▀██▀▀▀ ▄▀  ▀▄▀▀█ ▄ █▄▀▀ ▄█▄█   ▄█▀▄   █
█ ▀█ ▄▄▄██ ██▀▀█▀▄  ▀▀█▀█▀▀▄▀  ▀ ▄▀▄█▀ ███▀▄▄█▄▀██▄█  ▀▀█▀█
█▄▀▄ ▀▀▄▄████ ▀█▄▀▄ ▄█▄▀▀▄ ▀▀▀█  ▀▀█ ▄▀█▀▀▀▀ ▀▄█▄▀█▄▀▀▀▀▀▀█
██▄█▄  ▄█▀▀██▄█ ▄ ▀ ▄█▄▀▀█▀ ▀▀███▄█  ▀█▄▄▀▀▀▄█▄█▀ ▄  █  ▀██
██▄▀▀█▄▄ ▄██▄█▀▄▄▄ ▄█▄█▀█▀██▀▀  ▄ ▄ ▄  ▄ ▀ ▀▄███ ▀▀█▀▀█   █
███ ▀ ▄▄▄  ▀▀▄ ▄▄█▄█ ▀▄█ █▄ ▄▄▄  ▄ ▀▄█▄▀█▄▀▀▄ ▀▀▄ ▄▄▄ ▀ ▄██
█▄▄▀▀ █▄█ ▄█▀▀▀▄▀▄▄▀▀█▄█ ▀▀ █▄█  ▀███  ███   █▄█▄ █▄█ █▄█ █
█▀▄█▄▄ ▄▄ ▄▄█▀▄█ ▄▄   ▀▀█▀█     █ █▀██▄██▀▀▀▀▀█  ▄▄▄     ▀█
█▀ ▄▄▄▄▄   ▄▀▀  ▄█▄▄▀▄█▀▀▀█▀▄▄▀ ▄▀▀██▄▀█▄▀▀▀▄█▄▄█ █▀▄█ ▄▀▀█
█ ▀▄▀██▄ ▄▀ █▀ █▄▀ ▄▀▄▄▀▄█▄▀▀▀▀ ▄ ▄▄▄ ▀ ▄ ▀▄▀▄▄ ▀█▄▀▄█  ▄██
█▀▄▄  ▀▄ █▀ █▀▄▄▀█ ▄▀▀▄▀▄ █ ▀███ ▀▄▄▄  ▄▄█ ▀▄███▀  ▀▄█▄ █▀█
██▄▄▀█ ▄  ▄▄▀███▀██▀▀ █▀▄ █▄▀█ ▄ ▄ ▄█ █▀ ▄█ ▄▄▄▄ ▀▄▀▀▀  ▄▄█
██▀ █▀█▄▀▄▄ ▄▄█▀▄▄▄▄▄▄▀█▀ █▀██▀█▀█▀█ ▄▀▄▀█▀▀▄▀▄▄██▀▀▀▄▀ █▀█
█▄▄ █ ▀▄▄▄█▀███▄ ▀▀  ▀▀ ███▀ ▄ ▄█▀██  ▀█▄▀█▄ ▀▀███▀▀█  ▀ ▀█
█▄▀▄▀▄▀▄▀▄██ █ ▀▄█▀ ▀█▀▄▀▀█▄█▄▀  ▀█▄▄▄█▄ █▀  ▀ ██▄▀█▄██ ▄▀█
█ ▀ ▀▀▄▄██ ▄ ▀▀██████▄▀█▄▄▀▄▀█ ▄█▀▄▀▀▄▄ ▀█ █▀▀█ ██ █▀▀   ██
███████▄▄ ▀▄ █ ▀▄█ ▄▀▄▀▀▀ █ ▄▄▄ ▄▀▄██▄▀▄██▀▀▀▀ ▄█ ▄▄▄ █ ▀ █
█ ▄▄▄▄▄ █▄▀███ ▄▄▄███▄█▀██▄ █▄█ █▀ █▀ ▄█  █▄██▀▄▀ █▄█   ▄▀█
█ █   █ █ ██  ▀▀▄▀▀▄▄█▀▀▀▄▀    ▄▀█▄▄ ▄ ▄▀█▄▀▄▀███▄▄ ▄ ██▄██
█ █▄▄▄█ █ ▄▄▄▄▀█▄ ▀█▄█▄▀▀█ █▀█▀█▄█▄ █▄ ▄██ █▀▀██   ▄▄▀▀▀███
█▄▄▄▄▄▄▄█▄▄█▄▄▄█▄▄▄▄████▄▄▄█▄▄█▄▄▄▄▄▄▄█████▄▄██▄██▄██▄█▄▄██


📱 SCAN THIS QR CODE WITH YOUR WHATSAPP APP:
▄▄▄▄▄▄▄▄▄▄▄▄▄▄▄▄▄▄▄▄▄▄▄▄▄▄▄▄▄▄▄▄▄▄▄▄▄▄▄▄▄▄▄▄▄▄▄▄▄▄▄▄▄▄▄▄▄▄▄
█ ▄▄▄▄▄ █▀ ██▄▀▄█▀  ▄▀ █▄▄ ▀█  ▄▀▄█▀▄▀▀▀ █ ▄▀▄▄▄ ██ ▄▄▄▄▄ █
█ █   █ █▀ ▀█▀▀█▄█▀▀▄█▄█ ▀▀█▄█ █▄▄▄ ▀▀▄ ▀▄▄▄▄▄ ▄ ██ █   █ █
█ █▄▄▄█ █▀▀▄ ▄▀▄▄█▀ ▄ ██▀ █ ▄▄▄ █▀▄▀▀▀▀▀▄ ▄ ▀▀▀▀▄██ █▄▄▄█ █
█▄▄▄▄▄▄▄█▄▀▄▀ █▄▀▄▀ ▀ ▀▄█ █ █▄█ ▀▄█ ▀▄█ █▄▀▄█▄▀ ▀▄█▄▄▄▄▄▄▄█
█ ▄▄  █▄▄ ▄▀▄  ▀▄█▀▄▀▄█▀▀  ▄▄   ▀█▀█▀ ▀▄▀▀  ▄▀▄█▄▀ █▄▀▄▀ ▀█
█▀█ █  ▄▄  ▀▄▄▄ █▄▀ ▀▀▀ ▄█▀███ ███▄▀█▀▀▄ █▀▀ ▀▄▄█▀▄█▀█▀▀█▀█
█▄▄ █ ▀▄ ▄▀▄██▄▄▀▄▀ ▀▄▀▄  █ ▀▀▀█ █ █ ▄ █▀▀▀▀▄██▄  ▄▄▀▀▀ ▄▀█
█ ▀ ▀▄ ▄ ▀███ ▄█▄▄█▄▄▄ ▀█▀▀█▀█▀ ▀█▀▄▄▀ ▄▄▀█ ▀▄█▄▀ ▄▄ ▄▀  ██
█▄ ▄▀█▄▄ ▄▄▀▀▄▀▀█▄▄▄ ▄▄▀▀▀ ▄▀  ▀▄▀▀▄  ▄█▄█ ▀▄█▄█   ▄█▀█▀  █
█ ▄▄ ▄ ▄██ ██▀▀█ █  █▄█▀▄▄▀▄▀ ▀  ▄▀▄▀▀ ▄   ▄█ ▄▀██ ▀  ▀▀▄██
█▀ ▄ ▄ ▄▄███  ▀█▄▀▄ ▄█▄▀▀▄ ▀▀▀█  ▀▀█▄ ▀██▀▀▀▄█▄█▄▀ █▀▀▀▀▀ █
██▄█▄█ ▄▀█▄▄ ▀▄█▄ ▀ ▄█▄▀▀█▀ ▀▀█████ ▀▀█▄▄ ▀▀█▄▄█▀  █▄▀  ▀██
██▄▀▀██▄█▄▀▄█ ▀▄▄▄ ▄█▄█▀█▀▀█▀▀  ▄ ▄ ▄  ▄ ▀ ▀▄███▀▀█▄███   █
███ ▀ ▄▄▄   ▀▄▀ ▄█▄█ ▀▄█ █▄ ▄▄▄  ▄ █▄█ ██▄▀█▄ ██▄ ▄▄▄ ▀ ▄██
█▄▄█▀ █▄█  ▄▀▀█▄▀▄▄▀▀█▄█ ▀█ █▄█  ▀███ ▀███   █ ▄▄ █▄█  ▀█ █
█▄▄ ▀  ▄  ▄▄█▀▄█ ▄▄█  ▄▄█▀▄     █ █ ██ ▄█▀▀▀▀▀▀▄█▄     ▀ ▀█
█ ▀██▄▄▄▄▄ ▄▀▀  ▀▄   ▄▀█▀ █▀█▄▀ ▄▀▀█  ▀▄███ ▄██▄▀▄█▀▄█▀▄█▀█
█▀█████▄▄ ▀ █▀ █   ▄▄ ▄▀▀▄▄▀█▄▀   ▄▄▀▄▀▀▀█ ██▀▄  █▄▀██   ▀█
██▀▄  ▀▄ █▀ █▀▄▄▀█ ▄▀▀▄▀▄ █ ▀██▀ ▀▄▄█  ▄▀█ ▀▄███▀  ▀▄█▄ ▄▀█
██▄▄▀█ ▄  ▄ █▀▄▄▀██▀▀ █▀▄ █▄▀█ ▄ █ ▄█▀█▀ ▄█ ██▄▄ ▀▄▀▀▀  ▄▄█
██▀ █▄▀▄▀▄█ ▄▄▀▀▄▄▄▄▄▄▀█▀ █▀██▀█▀█▀█ ▄▀▄▀█▀▀▄▀▄▄████▀▄█ █▀█
█▄▄ ██▄▄▄▄▄ ▀ ▀  ▀▀  ▀▀ ███▀ ▄ ▄█▀▀▀  ▀█▄▀▀▄ ▀██▀▀▄▀█  ▀ ▀█
█▄▀▄███▄▄ ▄█ ██▀▄█▀ ▀█▀▄▀▀███▄▀  ▀▄▄▄▄▀█ ██▀ ▀██▀█▀▄█▄█ ▄▀█
█ ▀ ▀▀▄▄▀▀ ▄ ▀▀██████▄█ ▄▄ ▀▀█ ▄█▀█ ▀▄▀▀█▀▀▀▀▀▀▄█▄ █▀▀▀▀ ██
███████▄▄ ▀▄ █ ▀▄█▀▄▀▄█▀▀▀█ ▄▄▄ ▄▀▄█   █ ▀  █▀▄▄▀ ▄▄▄ █ ▀ █
█ ▄▄▄▄▄ █▄▀███ ▄▀▄███ █▀█ ▄ █▄█ ▀▀ █▀██▄█▀█▄ █ ▄▄ █▄█   ▀██
█ █   █ █ ██▀ ▀▀▄▀▀▄▄█▀▀▀▄▀ ▄  ▄▄█▄▄▀▄ ▄▄▀▄▀▄▀███▄▄  ▄██▄██
█ █▄▄▄█ █ ██▄█ ▄▄ ▀█▄█▄▀▀█ █ █▀███▄ █▄ ▄█▄ █ ▀██   ▄█▀▀▀███
█▄▄▄▄▄▄▄█▄▄▄███▄▄▄▄▄████▄▄▄█▄██▄▄▄▄▄▄▄█████▄▄██▄██▄█▄██▄▄██


📱 SCAN THIS QR CODE WITH YOUR WHATSAPP APP:
▄▄▄▄▄▄▄▄▄▄▄▄▄▄▄▄▄▄▄▄▄▄▄▄▄▄▄▄▄▄▄▄▄▄▄▄▄▄▄▄▄▄▄▄▄▄▄▄▄▄▄▄▄▄▄▄▄▄▄
█ ▄▄▄▄▄ █▀▀ ▀  ██▄▄██▄      ▄█▄ ▀█▄ ██ ▄  ▄  ▀█▄ ██ ▄▄▄▄▄ █
█ █   █ █▄▀ ▄▀███▄▄█ ██▄▄████▄█▀███▀▄▄  ██▀  ▄▀▄ ██ █   █ █
█ █▄▄▄█ █ ▄▄▀▄▄▀██▀▄▀█▄█▀▄  ▄▄▄ █▀█▀█ ▄▄▀▄▄▄ ▀ ▀▄██ █▄▄▄█ █
█▄▄▄▄▄▄▄█ █ ▀ █▄▀ █▄▀ ▀ ▀▄█ █▄█ ▀▄█▄█ █ █ █ █▄▀▄█ █▄▄▄▄▄▄▄█
█▄ █ ▀█▄ █ ▄ ▀▄▀█▄▄ █▄▄ ▄▄▄▄▄ ▄▄██ ▄▄▄█▄  █▄ ▀█▄█▄█▄  ▀▄▄▀█
██ █▄▀ ▄  ▄███▀█▄▄▀▄▄▄  ▄▀█ ▄█ ▀  ▀▀██ █▀██▀█▄█▄▄█ ▀▄█▀█ ▄█
█ ▄▄▀██▄█▀ ▀▀▀▄█ ▀█▄▀█ ▀▄▄▄ ▄ █▀ ▄▄▀▄  ▄ ▄█▄▄▄▄  █▄█▄ ▀▄▄ █
█▄▄█▄██▄▄ ▄▄ ▄ ███   ▄█▄ ███▀█▄▄██  ██  █▄▀ ▀  █ ▄ ▄▀▄▄▄▄██
█▄█▀▄█▄▄█▀█▀▀ ▄▄▄▄▄▄█  █ ▄█▀   █▀▄ █▄▄█ ▄▀ ▄█ ▄█ ▄█▀▄▀█▄███
██▀██▀▄▄█▄▀ ▀█▀▄ ▀▄▄  ▄▄  ▀█ ██▄ ▀ ▀ ▄▀▄  █▀▀ ██▀▀▄▄▀███  █
█▄█▄▀▀▄▄ █▄▄▄████ ▀▄ ██ ▄ ▄▀   ▄▄█ ▄█▄██  ▄█▀▀█▄▀█▄▄  ▄██ █
█▀▀ █▀▀▄ ▄███▄▄██ ▀▄▀ █▀▀▀▄█ ▀█▀▀▀▄ ▀█ ▀█▀▀█ ▀██▀▄▀█▀▀ ▄▄ █
█▀▄  ▄ ▄█  █▄█▄██▀▄ ██▄▄▀██▄ ▄▄▄▄▀██ ▄ █▀▄▄█▄▄▄  █▄█  ▀▄ ▀█
█▀▀   ▄▄▄ ▀█▀ █▄█▄▀▀▄▀█▄█▀▄ ▄▄▄ ▄▄█▄▀▀ ▀▄█ ▀  ▄▄  ▄▄▄ ▄▄ ██
█ ▀▄  █▄█  ▀▀███ ▄▄█▄ ██ █▄ █▄█ █▄█▄█▄▄ ▄█▀▄█ █▄▀ █▄█ ▀▄ ██
████▀  ▄▄▄█▀▀█▄▄▀▀▄█ ▀▄ ▀█▄  ▄▄▄█▀███▀ █▄▄█▄▀ ▄█▄▄  ▄ ▄█  █
█▀█▄▀█▀▄▀ ▀█▄█▄ ██▄ █▄ ▄▄▄▀▀█▄▄▄ ▀ ▄▄ ▄█ ▄▀▄▀█▄█▄▄▀▀▄█▄▀▀▀█
██ █ ██▄▀   ███ ▀▀  █ █▀▄█▀▄█▀▀▄▀██▄▀▀▄▄█▀▀▀ ▀▄ ▀▀▀▄▀▀ ▄  █
██ █▀██▄ ▄ █▄ ▄█  ▄ ▀ █▄ ▄█▀  ██  █▀▀▄ █▀ ▄█▄▄▄ █▄  █  ▄█▀█
█▀ ▄ ▄█▄▄  ▄ ▄▀▀ ▄ ██ ▄ ▀▄▀▄ ▄█▄██▀█ █▀▀ ▄ ▄ ▄████ ▀  █▄ ▄█
█▀▄█▄▄▀▄▄▀▀▄▄ ▀ █▄▄ ▀▀ █▀▄ ▄▄█▀▀▄  █  ▄▀ █▀█▀▄█▄█▀█▄ ▄▀▄ ▄█
█ ▄▀▄██▄▄█ ▀▀ ▄▄▀▄█▄   █▀▀█ ▀▀▄ █   ▄▄█ █▄▀   ▄ █   ▄██▄  █
█ █ ▄▀ ▄▄█▀ █▀█ █▄▄▄██ █▄█  ▄█▄▄▄▀▄▄▀ █▄▀▄▄█▄▀▄█▄▄ █ █▄█ ▀█
█ ▀ ▀▀▄▄▄▄▀▄ █▄ ▄█▄  ▀ █▄ ▄▀ █   ▄█ █ ▀ ▄▀█    ▄ ██ ▄████ █
███████▄█▀ ▀▄▀   ▀▄ ▄█  ▄▄█ ▄▄▄ ▄ █ █ ▄▄▀▄▄█ ▄█ ▀ ▄▄▄  █▀██
█ ▄▄▄▄▄ █▄ ▄ ▀▄▄█▄ ▀██▄ █▄  █▄█ ▀▀▀▄▄▀▀▄▀█▀▀▀  █  █▄█ █▄▄▀█
█ █   █ █▀▄█▄▀▄▄█▀▀ ▀  ▀▀ ▄▄    ▀▄█▄▀ █▀▄█▄█▀▄▄█▄  ▄▄ █▀▀ █
█ █▄▄▄█ █▀ ▄▀▄  ███▀▄▄█▄█▀ ▄▄ █▀█▄██▀  ██ ▄▀▀ ▄ ▄▄ █▄▄███▄█
█▄▄▄▄▄▄▄█▄▄▄▄██▄███▄██▄▄█▄▄███▄▄▄▄███▄██▄▄▄▄▄█▄█▄█▄██▄▄▄▄██


📱 SCAN THIS QR CODE WITH YOUR WHATSAPP APP:
▄▄▄▄▄▄▄▄▄▄▄▄▄▄▄▄▄▄▄▄▄▄▄▄▄▄▄▄▄▄▄▄▄▄▄▄▄▄▄▄▄▄▄▄▄▄▄▄▄▄▄▄▄▄▄▄▄▄▄
█ ▄▄▄▄▄ █▀ ██▄▀▄▄▀ ▀▀█▀▄▀▄ ▀█  ▄▀▄██ ▄▀▀██ ▄█▄▄▄ ██ ▄▄▄▄▄ █
█ █   █ █▀ ▀▀█▀█▄█▀▀██▄█▀▀▀█▄█ █ █▄   ▄ ▄█▄▄▀█ ▄ ██ █   █ █
█ █▄▄▄█ █▀▀ ▀ ▀▄▄█▀ ▄ ██▀ █ ▄▄▄   ▄▀██▀▀█▄▄ ▄█▀▀▄██ █▄▄▄█ █
█▄▄▄▄▄▄▄█▄▀ █ █▄▀▄▀ ▀ ▀▄█ █ █▄█ ▀▄█ ▀▄█ █▄▀▄█▄▀ ▀▄█▄▄▄▄▄▄▄█
█ ▄▄ ▄█▄   ██  ▀▄█▀▄▀▄█▀▀  ▄▄   ▀█▀█▀ ▀▄▀▀  ▄▀▄█▀  █▄█▄▀ ▀█
█▀█ █▀ ▄▄██▀  ▄ █▄▀ ▀▀▀ ▄██▄▀▀ ███▄██▀▀  █▀█ ▀ ▄▄▀█▄█▀▀▀█▀█
█▄▄ ▀ ▀▄▄▀▀▄██▄▄▀▄▀ ▀▄▀▄  ▄ ▀▀▀█ ██▄ ▄▄▄▀▀▀▀▄█▄▄  ▄▄ ▀█ ▄▀█
█▀▀ ▀▄ ▄▀▀███ ▄█▄▄▀▄▄▄ ▄█▀▀█▀█▀ ▀█  ▄▀▄▄ █▀▀█   █▀▄▄ █▀▀ ██
█▀▄▀██▄▄ ▄▄▀▀▄▀▀██ ▄▀▄██▀  ▄▀ ▀▀▄▀▀█  ▀▄▀█▀ ▄█▄▄   ▄█▀▄ ▄ █
██ ▀█ ▄▄██ ██▀▀█▀▄  █▄█▀ ▄▀▄▀  ▀▄ ▀▄ ▄▀▄██ █▄▀█▀██ █  ▀▀▄▀█
█▄█▄ ▀█▄▄███ █▀█▄▀▄ ▄█▄▀▀▄ ▀▀▀█ ▀▀▀█ ▄▀███▀▀▄▀▄█▄▀▄█▀▀▀▀▀ █
██▄█▄▀█▄▀▀ ▀█▀▄▀▄ ▀ ▄█▄▀▀█▀ ▀▀██▄██ ▀ █▄█▀▀▀▄█▄█▀  ▄▄▀  ▀██
██▄▀▀█▀▄ ▄█▀▄   ▄▄ ▄█▄█▀█▀▀█▀▀  ▄ ▄ ▄  ▄ ▀ ▀▄███▄▀▀█▀██   █
███ ▀ ▄▄▄ ▄ █▀  ▄█▄█ ▀▄█ █▀ ▄▄▄  ▄▄▀▄█ ██▄█▀▄ ▀█▄ ▄▄▄ ▀ ▄██
█▄▄▀▄ █▄█ ▄█▀▀█ ▀▄▄▀▀█▄█ ▀▀ █▄█  ▀▄▄█ █▄██▀▀ ██▄▀ █▄█ ▄ █ █
█ █▀▄▄▄▄ ▄▄▄█▀▄█ ▄    ▄▄█▀█     █ ▄▀▀▀  ██  █▀ █ ▄▄▄  ▀  ▀█
█▄ ▀▄▄▄▄▀█ ▄▀▀  █▄▄▄ ██▀▀▀█▀██▀ ▄▀▀█▄ █▄▀█▀▀ ████▀█▀▄█ ▄█▀█
█▄  ███▄▀█▀ █▀ ███ ▄ ▄▄▀▀█▄▀ ▄▀  ▄▄▄▀▄▀ ▄█ █▀▀█▀▀█▄▀▄    ▀█
█ █▄  ▀▄ █▀ ▄▄▄▄▀█ ▄▀▀▄▀▄ █ ▀█▄▄▄▀▄▄█▄ ▄▀▀ ▀▄▀██▀  ▀▄█▄ █ █
██▄▄▀█ ▄  █▀█▀▄ ▀██▀▀ █▀▄ █▄▀█  ▀▄ ▄▄ █▀ ▄█ ██▄▄ ▀▄▀▀▀  ▄▄█
██▀ █▀▀▄▀▄  ▀▄▀█▄▄▄▄▄▄▀█▀ █▀██▀█▀█▀█ ▄▀▄▀█▀▀▄▀▄▄███▄▀▄█▄█▀█
█▄▄ ██▀▄▄▄▀  ▄▀▄ ▀▀  ▀▀ ██▀▀ ▄ ▄█▀█▀  █▀▄▀▀  ▀▀▀██ ▀█ ▀▀ ▀█
█▄▀▄▄▀▄▄ ▀ ▀ █ ▄▄█▀ ▀█▀▄▀▀▄██▄▀  ▀██▄▄ █ ██▀ ▀██▀▄ █▄▄█ ▄▀█
█ ▀ ▀▀▄▄▀▀ ▄ ▀▀███ ▀█▄█▀▄▄ ▀▀█ ▄█▀▄ ▀▄▄ ██▀▀▀▀ █▀█▀▀▀  ▀ ██
███████▄▄▀▀▄ █ ▀▀▄ ▄ ▄▀█▀▀█ ▄▄▄ ▄▀▄█▀  ▄▀▀ ▀▀█▄▄▀ ▄▄▄ █ █ █
█ ▄▄▄▄▄ █▄▀███ ▄ ███▄▄█▀▄▄▄ █▄█ ▀█ ████▄ ▄█▄ ▀▀██ █▄█   ▀▀█
█ █   █ █ ███▀▀▀▄▀▀▄▄█▀▀▀▄▀ ▄▄ ▄ ▀▄▄▄▄ ▄█▀▄▀ ███▄▄▄  ▄██▄▄█
█ █▄▄▄█ █ █▀▀█▄█▄ ▀█▄█▄▀▀█ ███▀█▄█▄ ██ ▄█▄ █ ▀██   ▄██▀▀███
█▄▄▄▄▄▄▄█▄████▄█▄▄▄▄████▄▄▄████▄▄▄▄▄▄▄█████▄▄██▄██▄████▄▄██


📱 SCAN THIS QR CODE WITH YOUR WHATSAPP APP:
▄▄▄▄▄▄▄▄▄▄▄▄▄▄▄▄▄▄▄▄▄▄▄▄▄▄▄▄▄▄▄▄▄▄▄▄▄▄▄▄▄▄▄▄▄▄▄▄▄▄▄▄▄▄▄▄▄▄▄
█ ▄▄▄▄▄ █▀ ██▄ ██▀▀▀▀▀ ▄▄▄ ▀█  ▄▀▄▀▀ █ █  ▄  ▄▄▄ ██ ▄▄▄▄▄ █
█ █   █ █▀ ▀██▀█▄█▀▀█▄▄█▀▀▀█▄█ █▀█▄  ▀▄ ██▄▄▄▄ ▄ ██ █   █ █
█ █▄▄▄█ █▀█ ▀ ▀▄▄█▀ ▄ ██▀ █ ▄▄▄ ▀ ▄▀▄█▀▀ ▀▄ ▀▄▀▀▄██ █▄▄▄█ █
█▄▄▄▄▄▄▄█▄█ █▄█▄▀▄▀ ▀ ▀▄█ █ █▄█ ▀▄█ ▀▄█ █▄▀▄█▄▀ ▀▄█▄▄▄▄▄▄▄█
█ ▄▄  ▀▄   ▀██ ▀▄█▀▄▀▄█▀▀ ▄ ▄   ▀█▀█▀ ▀▄▀▀  ▄▀▄█▀  █ █▄▀ ▀█
█▀█ █▀ ▄▀█▀ ▄ ▄ █▄▀ ▀▀▀ ▄█ ▄▀▀ ███▄██▀█▄ ██▀ ▀▄  █▄█▀ ▀▀█▀█
█▄▄ ▄ ▀▄▄▄ ▄██▄▄▀▄▀ ▀▄▀▄  ▄▀▀█▀█ █▄▄ ▄ █▀▀▀▀▄█▄█▀ ▄▄██▀▄▄▀█
███ ▄▄ ▄ ▀███ ▄█▄▄▀█▄▄███▀▀█ ▄▀ ▀█▄█▄██▀▄█▄▀█ ▄▄▄ ▄▄ █▄▀ ██
█  █▄█▄▄ ▄▄▀▀▄▀▀▄▄▀▄▀▄▀▀▀▀ ▄▀ █ ▄▀▀▄▀▄▀█▀▀   ██▄   ▄█▀▄▀▄ █
█▀  █  ▄██ ██▀▀█▀█  ███▀▄ ▀▄▀  ▀▄ ▀▄█▄ ▄▄▄ █▀▀▄▀██ ▀  ▀▀█▀█
█▄ ▄ ██▄▄███▀█▀█▄▀▄ ▄█▄▀▀▄ ▀▀▀█ ▄▀▀█▀ ▀█▀▀▀▀█▀▄█▄▀▀▄▀▀▀▀  █
██▄█▄ ▀▄███ ▄▄▀ ▄ ▀ ▄█▄▀▀█▀ ▀▀█████   █▄▄ ▀▀▄█▄█▀ █▀ █  ▀██
██▄▀▀ █▄▄▄▀ ▀ █ ▄▄ ▄█▄█▀█▀█▀▀▀  ▄ ▄ ▄  ▄ ▀ ▀▄████▀▄██▀█   █
███ ▀ ▄▄▄ █ ▄▀▄ ▄█▄█ ▀▄█ ██ ▄▄▄  ▄ ▀▄█▄██▄▀▀▄ ██▀ ▄▄▄ ▀ ▄██
█▄▄▀▄ █▄█ ▀█▀▀▀ ▀▄▄▀▀█▄█ ▀▀ █▄█  ▀▄▄█  ▄██   █▄██ █▄█   █ █
█▀▀ █▄▄▄  ▄▄█▀▄█ ▄    ▀ █▀▄▄    █ ▄ ▀██ █▀▄▀██▄ ▀▄  ▄ ▀  ▀█
█▄▄▀█▄▄▄   ▄▀▀  ▄█▄▄ ▄▀█▀ █▀██▀ ▄▀▀█▄  ██▀  ▄▀▄█▀██▀█▄▀████
██▄▄▀██▄█▀▀ █▀ █▀█ ▄▀█▄▀▄█▄▀▄▄▀ ▄ ▄▄ ▀  ▀█ █▀▀▄ ▀█▄▀▄   ▄██
█▀▀▄  ▀▄ █▀ ▄▄▄▄▀█ ▄▀▀▄▀▄ █ ▀█ ▄ █▄▄   ▄▀▀ ▀ ███▀  ▀▄█▄ █ █
██▄▄▀█ ▄   ▀  ▀▀▀██▀▀ █▀▄ █▄▀█ ▄▀▄ ▄█ █▀▀██ ██▄▄ ▀▄▀▀▀  ▄▄█
██▀ █  ▄▀▄█ █▄▄▀▄▄▄▄▄▄▀█▀ █▀██▀█▀█▀█ ▄▀▄▀█▀▀▄▀▄▄███▀▀▄▀ █▀█
█▄▄ █▄ ▄▄▄▀▀▀▀▄  ▀▀  ▀▀ ██▀▀ ▄ ▄█▀▀█  ▀▀▄▀█  ▀███▄▄▀█ ▀  ▀█
█▄▀ ▄▄█▄ ██▄ █ ▀▄█▀ ▀█▀▄▀▀▄▀█▄▀  ▀██▄▄ ▄ █ ▀ ▀█████▀ ▄▀█▄▀█
█ ▀ ▀▀▄▄ █ ▄ ▀▀███▄ █▄ ▄▄▄▀ ▀█ ▄█▀█ █▄███▀▄▀▀▀ █ █▄▀ ▀▄▀ ██
███████▄█ ▀▄ █ ▀██▀▄▄▄▀█▀▀█ ▄▄▄ ▄▀▄█▄▄ ▄▄█ ▀ █▀█▀ ▄▄▄ ▄▀▀ █
█ ▄▄▄▄▄ █▄▀███ ▄ ▄██▀▀█▀▄▀▄ █▄█ ▀▀ █  █▄▀ ██ ▀▀▄█ █▄█   ███
█ █   █ █ ██▄█▀▀▄▀▀▄▄█▀▀▀▄▀ ▄  ▄█▀▄▄▄  ▄██▄▀▀▀██▄▄▄   ██▄██
█ █▄▄▄█ █ ▄ ▀█▀█▄ ▀█▄█▄▀▀█ █ ▀▀██▄▄ ██ ▄▄▄ █▀▀██   ▄▀▀▀▀███
█▄▄▄▄▄▄▄█▄█▄▄███▄▄▄▄████▄▄▄████▄▄▄▄▄▄▄█████▄▄██▄██▄█▄██▄▄██

